$ node scripts/e2e.mjs "--grep" "P00-02"

Running 5 tests using 1 worker

(node:39968) Warning: The 'NO_COLOR' env is ignored due to the 'FORCE_COLOR' env being set.
(Use `node --trace-warnings ...` to show where the warning was created)
TAPKIT_CORE_READY
TAPKIT_CORE_PONG
TAPKIT_CORE_PONG
TAPKIT_CORE_PONG
TAPKIT_CORE_PONG
Debugger ending on ws://127.0.0.1:52860/69688156-6de5-4fa5-9d0d-77aa1a43970a
For help, see: https://nodejs.org/learn/getting-started/debugging
TAPKIT_CORE_EXIT 0
(node:24976) Warning: The 'NO_COLOR' env is ignored due to the 'FORCE_COLOR' env being set.
(Use `electron --trace-warnings ...` to show where the warning was created)
  ok 1 tests\e2e\P00-02.foundation.spec.ts:29:1 › P00-02 T01 T05 real two-window CAS and committed event subscription (16.3s)
TAPKIT_CORE_READY
TAPKIT_CORE_PONG
Debugger ending on ws://127.0.0.1:56679/738c1edf-118f-4efb-8a55-fbce10078469
For help, see: https://nodejs.org/learn/getting-started/debugging
TAPKIT_CORE_EXIT 0
(node:32240) Warning: The 'NO_COLOR' env is ignored due to the 'FORCE_COLOR' env being set.
(Use `electron --trace-warnings ...` to show where the warning was created)
  x  2 tests\e2e\P00-02.foundation.spec.ts:87:1 › P00-02 T19 real Windows safeStorage round trip, ACL and plaintext exclusion (1.1s)
(node:50520) Warning: The 'NO_COLOR' env is ignored due to the 'FORCE_COLOR' env being set.
(Use `node --trace-warnings ...` to show where the warning was created)
TAPKIT_CORE_READY
TAPKIT_CORE_PONG
Debugger ending on ws://127.0.0.1:50199/2d919a93-63b8-44c5-baaf-44e6b7d84a70
For help, see: https://nodejs.org/learn/getting-started/debugging
TAPKIT_CORE_EXIT 0
(node:36032) Warning: The 'NO_COLOR' env is ignored due to the 'FORCE_COLOR' env being set.
(Use `electron --trace-warnings ...` to show where the warning was created)
  ok 3 tests\e2e\P00-02.foundation.spec.ts:146:1 › P00-02 T19 foreign WebContents cannot invoke app IPC (903ms)
TAPKIT_CORE_READY
TAPKIT_CORE_PONG
TAPKIT_CORE_PONG
TAPKIT_CORE_EXIT 1
(node:42860) Warning: The 'NO_COLOR' env is ignored due to the 'FORCE_COLOR' env being set.
(Use `electron --trace-warnings ...` to show where the warning was created)
Error occurred in handler for 'tapkit:ping': Error: Core unavailable
    at ForkUtilityProcess.<anonymous> (D:\TapKit\apps\desktop\out\main\index.js:6174:21)
    at ForkUtilityProcess.emit (node:events:514:28)
    at UtilityProcess.emit (node:electron/js2c/browser_init:2:95072)
Error occurred in handler for 'tapkit:ping': Error: Core unavailable
    at forward (D:\TapKit\apps\desktop\out\main\index.js:6100:49)
    at D:\TapKit\apps\desktop\out\main\index.js:6279:14
    at async Session.<anonymous> (node:electron/js2c/browser_init:2:123817)
TAPKIT_CORE_READY
TAPKIT_CORE_PONG
Debugger ending on ws://127.0.0.1:57290/4dad1ba2-70cb-4511-8c37-cf1f13951b4b
For help, see: https://nodejs.org/learn/getting-started/debugging
TAPKIT_CORE_EXIT 0
  ok 4 tests\e2e\P00-02.foundation.spec.ts:165:1 › P00-02 T05 Core kill rebuilds writer; acked settings survive and backup is not duplicated (1.3s)
TAPKIT_CORE_READY
TAPKIT_HOST_WINDOW 3780
(node:3780) Warning: The 'NO_COLOR' env is ignored due to the 'FORCE_COLOR' env being set.
(Use `electron --trace-warnings ...` to show where the warning was created)
TAPKIT_CORE_PONG
TAPKIT_CORE_PONG
Debugger ending on ws://127.0.0.1:61467/bfb5e2c4-4d81-48fa-9176-a44485df6a96
For help, see: https://nodejs.org/learn/getting-started/debugging
TAPKIT_CORE_EXIT 0
  ok 5 tests\e2e\P00-02.foundation.spec.ts:212:1 › P00-02 single instance activates owner and closing UI keeps Core alive until explicit quit (936ms)


  1) tests\e2e\P00-02.foundation.spec.ts:87:1 › P00-02 T19 real Windows safeStorage round trip, ACL and plaintext exclusion

    Error: electronApplication.evaluate: TypeError: A dynamic import callback was not specified.
        at importModuleDynamicallyCallback (node:internal/modules/esm/utils:280:9)
        at eval (eval at evaluate (:311:30), <anonymous>:7:16)
        at UtilityScript.evaluate (<anonymous>:313:16)
        at UtilityScript.<anonymous> (<anonymous>:1:44)
        at eval (eval at evaluate (:311:30), <anonymous>:7:16)
        at UtilityScript.evaluate (<anonymous>:313:16)
        at UtilityScript.<anonymous> (<anonymous>:1:44)
        at D:\TapKit\tests\e2e\P00-02.foundation.spec.ts:116:31

    Error Context: test-results\P00-02.foundation-P00-02-T-e9322-ACL-and-plaintext-exclusion\error-context.md

    attachment #2: trace (application/zip) ─────────────────────────────────────────────────────────
    test-results\P00-02.foundation-P00-02-T-e9322-ACL-and-plaintext-exclusion\trace.zip
    Usage:

        pnpm exec playwright show-trace test-results\P00-02.foundation-P00-02-T-e9322-ACL-and-plaintext-exclusion\trace.zip

    ────────────────────────────────────────────────────────────────────────────────────────────────

  1 failed
    tests\e2e\P00-02.foundation.spec.ts:87:1 › P00-02 T19 real Windows safeStorage round trip, ACL and plaintext exclusion
  4 passed (21.7s)
file:///D:/TapKit/scripts/lib.mjs:24
  if (result.status !== 0) throw new Error(executable + ' exited ' + result.status);
                                 ^

Error: D:\TapKit\.runtime\node\node-v24.21.0-win-x64\node.exe exited 1
    at run (file:///D:/TapKit/scripts/lib.mjs:24:34)
    at pnpm (file:///D:/TapKit/scripts/lib.mjs:27:3)
    at file:///D:/TapKit/scripts/e2e.mjs:3:1
    at ModuleJob.run (node:internal/modules/esm/module_job:561:25)
    at async node:internal/modules/esm/loader:647:26
    at async asyncRunEntryPointWithESMLoader (node:internal/modules/run_main:101:5)

Node.js v24.21.0
[ELIFECYCLE] Command failed with exit code 1.
