packages/contracts/src/foundation.ts 81ms
packages/contracts/src/index.ts 19ms
packages/contracts/src/resources.ts 19ms
packages/storage/src/blobs.ts 44ms
packages/storage/src/foundation.ts 30ms
packages/storage/src/index.ts 3ms
packages/storage/src/jobs.ts 17ms
packages/storage/src/sql.d.ts 2ms
packages/core/src/index.ts 10ms
packages/core/src/service.ts 15ms
packages/core/src/worker.ts 8ms
apps/desktop/src/main/index.ts 33ms
apps/desktop/src/main/security.ts 1ms
apps/desktop/src/main/vault.ts 7ms
apps/desktop/src/main/zh-CN.json 11ms
apps/desktop/src/preload/index.ts 4ms
tests/unit/P00-02.contracts.test.ts 6ms
tests/integration/P00-02.storage.test.ts 43ms
tests/e2e/P00-02.foundation.spec.ts 31ms
tests/e2e/P00-01.shell.spec.ts 8ms
tests/fixtures/P00-02.crash.cjs 12ms
vitest.config.ts 2ms (unchanged)
packages/storage/package.json 2ms
packages/storage/vite.config.ts 1ms (unchanged)
docs/progress/P00-02.md 24ms (unchanged)
