$ node scripts/e2e.mjs "--grep" "P00-0[12]"

Running 8 tests using 1 worker

(node:31036) Warning: The 'NO_COLOR' env is ignored due to the 'FORCE_COLOR' env being set.
(Use `node --trace-warnings ...` to show where the warning was created)
TAPKIT_CORE_DIAGNOSTIC
TAPKIT_CORE_READY
TAPKIT_HOST_WINDOW 38216
(node:38216) Warning: The 'NO_COLOR' env is ignored due to the 'FORCE_COLOR' env being set.
(Use `electron --trace-warnings ...` to show where the warning was created)
TAPKIT_CORE_PONG
P00-01 runtime probe {"nonce":"中文 空格 ABI","process":"core","sqliteVersion":"3.53.4","electronVersion":"44.3.0","nodeAbi":"149","corePid":32368}
Debugger ending on ws://127.0.0.1:49887/18279d98-3317-4a38-9a67-3b7a3285e7b1
For help, see: https://nodejs.org/learn/getting-started/debugging
TAPKIT_CORE_EXIT 0
  ok 1 tests\e2e\P00-01.shell.spec.ts:22:1 › P00-01 ABI: Electron React Core SQLite FTS5 and Chinese data directory (903ms)
TAPKIT_CORE_DIAGNOSTIC
TAPKIT_CORE_READY
TAPKIT_HOST_WINDOW 34692
(node:34692) Warning: The 'NO_COLOR' env is ignored due to the 'FORCE_COLOR' env being set.
(Use `electron --trace-warnings ...` to show where the warning was created)
TAPKIT_CORE_PONG
Debugger ending on ws://127.0.0.1:55384/524d2787-4644-4fd3-8cf5-73aa592ca3a0
For help, see: https://nodejs.org/learn/getting-started/debugging
TAPKIT_CORE_EXIT 0
[34692:1005/150652.643:ERROR:gpu\ipc\client\command_buffer_proxy_impl.cc:490] GPU state invalid after WaitForGetOffsetInRange.
[34692:1005/150652.643:ERROR:gpu\ipc\client\command_buffer_proxy_impl.cc:490] GPU state invalid after WaitForGetOffsetInRange.
  ok 2 tests\e2e\P00-01.shell.spec.ts:42:1 › P00-01 sandbox bridge errors and clean child shutdown (761ms)
TAPKIT_CORE_DIAGNOSTIC
TAPKIT_CORE_READY
TAPKIT_HOST_WINDOW 30080
(node:30080) Warning: The 'NO_COLOR' env is ignored due to the 'FORCE_COLOR' env being set.
(Use `electron --trace-warnings ...` to show where the warning was created)
TAPKIT_HOST_WINDOW 30080
TAPKIT_CORE_PONG
TAPKIT_CORE_PONG
Debugger ending on ws://127.0.0.1:60186/6f7dc2b6-6312-49f5-9f98-144835e872a2
For help, see: https://nodejs.org/learn/getting-started/debugging
TAPKIT_CORE_EXIT 0
  ok 3 tests\e2e\P00-02.foundation.spec.ts:29:1 › P00-02 T01 T05 real two-window CAS and committed event subscription (1.2s)
TAPKIT_CORE_DIAGNOSTIC
TAPKIT_CORE_READY
TAPKIT_HOST_WINDOW 39788
(node:39788) Warning: The 'NO_COLOR' env is ignored due to the 'FORCE_COLOR' env being set.
(Use `electron --trace-warnings ...` to show where the warning was created)
Debugger ending on ws://127.0.0.1:58032/6a8e14c4-cfac-4547-9dd3-5ce9887e0ed3
For help, see: https://nodejs.org/learn/getting-started/debugging
TAPKIT_CORE_EXIT 0
  ok 4 tests\e2e\P00-02.foundation.spec.ts:87:1 › P00-02 T19 real Windows safeStorage round trip, ACL and plaintext exclusion (1.8s)
TAPKIT_CORE_DIAGNOSTIC
TAPKIT_CORE_READY
TAPKIT_HOST_WINDOW 40776
(node:40776) Warning: The 'NO_COLOR' env is ignored due to the 'FORCE_COLOR' env being set.
(Use `electron --trace-warnings ...` to show where the warning was created)
Debugger ending on ws://127.0.0.1:57632/298537d0-29d8-4cfd-a6c1-03453970ae2e
For help, see: https://nodejs.org/learn/getting-started/debugging
TAPKIT_CORE_EXIT 0
  ok 5 tests\e2e\P00-02.foundation.spec.ts:146:1 › P00-02 T19 foreign WebContents cannot invoke app IPC (869ms)
TAPKIT_CORE_DIAGNOSTIC
TAPKIT_CORE_READY
TAPKIT_HOST_WINDOW 39096
(node:39096) Warning: The 'NO_COLOR' env is ignored due to the 'FORCE_COLOR' env being set.
(Use `electron --trace-warnings ...` to show where the warning was created)
TAPKIT_CORE_PONG
TAPKIT_CORE_EXIT 1
Error occurred in handler for 'tapkit:ping': Error: Core unavailable
    at ForkUtilityProcess.<anonymous> (D:\tapkit\TapKit\apps\desktop\out\main\index.js:7975:21)
    at ForkUtilityProcess.emit (node:events:514:28)
    at UtilityProcess.emit (node:electron/js2c/browser_init:2:95072)
Error occurred in handler for 'tapkit:ping': Error: Core unavailable
    at forward (D:\tapkit\TapKit\apps\desktop\out\main\index.js:7864:49)
    at D:\tapkit\TapKit\apps\desktop\out\main\index.js:8120:14
    at async Session.<anonymous> (node:electron/js2c/browser_init:2:123817)
TAPKIT_CORE_DIAGNOSTIC
TAPKIT_CORE_READY
TAPKIT_CORE_PONG
Debugger ending on ws://127.0.0.1:53603/1507ee07-c036-45c8-891e-ba85ebea2cbc
For help, see: https://nodejs.org/learn/getting-started/debugging
TAPKIT_CORE_EXIT 0
  ok 6 tests\e2e\P00-02.foundation.spec.ts:165:1 › P00-02 T05 Core kill rebuilds writer; acked settings survive and backup is not duplicated (1.4s)
TAPKIT_CORE_DIAGNOSTIC
TAPKIT_CORE_READY
TAPKIT_HOST_WINDOW 35104
(node:35104) Warning: The 'NO_COLOR' env is ignored due to the 'FORCE_COLOR' env being set.
(Use `electron --trace-warnings ...` to show where the warning was created)
TAPKIT_CORE_PONG

TAPKIT_SECOND_INSTANCE
TAPKIT_HOST_WINDOW 35104
TAPKIT_CORE_PONG
Debugger ending on ws://127.0.0.1:51262/299f0a5b-3d38-4443-bc80-e4b4325875a7
For help, see: https://nodejs.org/learn/getting-started/debugging
TAPKIT_CORE_EXIT 0
  ok 7 tests\e2e\P00-02.foundation.spec.ts:212:1 › P00-02 single instance activates owner and closing UI keeps Core alive until explicit quit (1.3s)
TAPKIT_CORE_DIAGNOSTIC
TAPKIT_CORE_READY
TAPKIT_HOST_WINDOW 40228
(node:40228) Warning: The 'NO_COLOR' env is ignored due to the 'FORCE_COLOR' env being set.
(Use `electron --trace-warnings ...` to show where the warning was created)
Debugger ending on ws://127.0.0.1:64031/76451b63-349d-4d4a-aecb-9f0f8c4a1287
For help, see: https://nodejs.org/learn/getting-started/debugging
TAPKIT_CORE_EXIT 0
  ok 8 tests\e2e\P00-02.foundation.spec.ts:266:1 › P00-02 higher schema shows a recovery prompt and preserves original database (1.8s)

  8 passed (10.7s)
