$ node scripts/check.mjs
Checking formatting...
[error] Unable to expand directory: ".".
All matched files use Prettier code style!
[error] EPERM: operation not permitted, scandir 'D:\TapKit\.test-data\acl-probe'
file:///D:/TapKit/scripts/lib.mjs:24
  if (result.status !== 0) throw new Error(executable + ' exited ' + result.status);
                                 ^

Error: D:\TapKit\.runtime\node\node-v24.21.0-win-x64\node.exe exited 2
    at run (file:///D:/TapKit/scripts/lib.mjs:24:34)
    at pnpm (file:///D:/TapKit/scripts/lib.mjs:27:3)
    at file:///D:/TapKit/scripts/check.mjs:6:1
    at ModuleJob.run (node:internal/modules/esm/module_job:561:25)
    at async node:internal/modules/esm/loader:647:26
    at async asyncRunEntryPointWithESMLoader (node:internal/modules/run_main:101:5)

Node.js v24.21.0
[ELIFECYCLE] Command failed with exit code 1.
pnpm exited 1
At D:\TapKit\scripts\pnpm.ps1:12 char:30
+   if ($LASTEXITCODE -ne 0) { throw "pnpm exited $LASTEXITCODE" }
+                              ~~~~~~~~~~~~~~~~~~~~~~~~~~~~~~~~~
    + CategoryInfo          : OperationStopped: (pnpm exited 1:String) [], RuntimeException
    + FullyQualifiedErrorId : pnpm exited 1
