$ node scripts/e2e.mjs "--" "--grep" "P01-02"

Running 2 tests using 1 worker

(node:24868) Warning: The 'NO_COLOR' env is ignored due to the 'FORCE_COLOR' env being set.
(Use `node --trace-warnings ...` to show where the warning was created)
  x  1 tests\e2e\P01-02.api.spec.ts:6:1 › P01-02 real desktop UI stores both formats with DPAPI, restarts metadata and clears the selected account (697ms)
(node:45264) Warning: The 'NO_COLOR' env is ignored due to the 'FORCE_COLOR' env being set.
(Use `node --trace-warnings ...` to show where the warning was created)
  x  2 tests\e2e\P01-02.api.spec.ts:102:1 › P01-02 API diagnostic displays probe phase, business code and truncation through the real preload bridge (518ms)
Worker teardown timeout of 45000ms exceeded.

Failed worker ran 1 test:
tests\e2e\P01-02.api.spec.ts:102:1 › P01-02 API diagnostic displays probe phase, business code and truncation through the real preload bridge


  1) tests\e2e\P01-02.api.spec.ts:6:1 › P01-02 real desktop UI stores both formats with DPAPI, restarts metadata and clears the selected account

    Error: Target crashed

    Error Context: test-results\e2e\P01-02.api-P01-02-real-des-b43b7-clears-the-selected-account\error-context.md

    attachment #2: trace (application/zip) ─────────────────────────────────────────────────────────
    test-results\e2e\P01-02.api-P01-02-real-des-b43b7-clears-the-selected-account\trace.zip
    Usage:

        pnpm exec playwright show-trace test-results\e2e\P01-02.api-P01-02-real-des-b43b7-clears-the-selected-account\trace.zip

    ────────────────────────────────────────────────────────────────────────────────────────────────

  2) tests\e2e\P01-02.api.spec.ts:102:1 › P01-02 API diagnostic displays probe phase, business code and truncation through the real preload bridge

    Error: Target crashed

    Error Context: test-results\e2e\P01-02.api-P01-02-API-diag-7f842-ugh-the-real-preload-bridge\error-context.md

    attachment #2: trace (application/zip) ─────────────────────────────────────────────────────────
    test-results\e2e\P01-02.api-P01-02-API-diag-7f842-ugh-the-real-preload-bridge\trace.zip
    Usage:

        pnpm exec playwright show-trace test-results\e2e\P01-02.api-P01-02-API-diag-7f842-ugh-the-real-preload-bridge\trace.zip

    ────────────────────────────────────────────────────────────────────────────────────────────────

  2 failed
    tests\e2e\P01-02.api.spec.ts:6:1 › P01-02 real desktop UI stores both formats with DPAPI, restarts metadata and clears the selected account
    tests\e2e\P01-02.api.spec.ts:102:1 › P01-02 API diagnostic displays probe phase, business code and truncation through the real preload bridge
  1 error was not a part of any test, see above for details
file:///D:/TapKit/scripts/lib.mjs:24
  if (result.status !== 0) throw new Error(executable + ' exited ' + result.status);
                                 ^

Error: D:\TapKit\.runtime\node\node-v24.21.0-win-x64\node.exe exited 1
    at run (file:///D:/TapKit/scripts/lib.mjs:24:34)
    at pnpm (file:///D:/TapKit/scripts/lib.mjs:27:3)
    at file:///D:/TapKit/scripts/e2e.mjs:6:8
    at ModuleJob.run (node:internal/modules/esm/module_job:561:25)
    at async node:internal/modules/esm/loader:647:26
    at async asyncRunEntryPointWithESMLoader (node:internal/modules/run_main:101:5)

Node.js v24.21.0
[ELIFECYCLE] Command failed with exit code 1.
pnpm exited 1
At D:\TapKit\scripts\pnpm.ps1:12 char:30
+   if ($LASTEXITCODE -ne 0) { throw "pnpm exited $LASTEXITCODE" }
+                              ~~~~~~~~~~~~~~~~~~~~~~~~~~~~~~~~~
    + CategoryInfo          : OperationStopped: (pnpm exited 1:String) [], RuntimeException
    + FullyQualifiedErrorId : pnpm exited 1
