$ vitest run --config vitest.config.ts --project unit "tests/unit/P01-02.zhipu.test.ts"

 RUN  v5.0.0 D:/TapKit

 ❯ |unit| tests/unit/P01-02.zhipu.test.ts (49 tests | 2 failed) 64ms
   ❯ P01-02 Zhipu Responses off mapping (22)
     × disables default max reasoning for glm-4.7-flashx at https://open.bigmodel.cn/api/v1 in both phases 8ms
     × disables default max reasoning for GLM-4.7-FlashX at https://open.bigmodel.cn/api/v1/ in both phases 2ms

⎯⎯⎯⎯⎯⎯⎯ Failed Tests 2 ⎯⎯⎯⎯⎯⎯⎯

 FAIL  |unit| tests/unit/P01-02.zhipu.test.ts > P01-02 Zhipu Responses off mapping > disables default max reasoning for glm-4.7-flashx at https://open.bigmodel.cn/api/v1 in both phases
 FAIL  |unit| tests/unit/P01-02.zhipu.test.ts > P01-02 Zhipu Responses off mapping > disables default max reasoning for GLM-4.7-FlashX at https://open.bigmodel.cn/api/v1/ in both phases
AssertionError: expected { …(7) } to match object { status: 'ready', text: true, …(2) }
(5 matching properties omitted from actual)

- Expected
+ Received

  {
-   "errorCode": null,
-   "status": "ready",
-   "text": true,
-   "tools": true,
+   "errorCode": "OUTPUT_LIMIT_REACHED",
+   "status": "unavailable",
+   "text": false,
+   "tools": false,
  }

 ❯ tests/unit/P01-02.zhipu.test.ts:114:42

    112|       modelId,
    113|     });
    114|     expect(await probe(channel, config)).toMatchObject({
       |                                          ^
    115|       status: 'ready',
    116|       text: true,
 Test Files  1 failed (1)
      Tests  2 failed | 47 passed (49)
   Start at  19:25:07
   Duration  1.29s (import 67%, transform 26%, tests 6%, setup 1%)


⎯⎯⎯⎯⎯⎯⎯⎯⎯⎯⎯⎯⎯⎯⎯⎯⎯⎯⎯⎯⎯⎯⎯⎯[1/2]⎯

[ELIFECYCLE] Command failed with exit code 1.
pnpm exited 1
At D:\TapKit\scripts\pnpm.ps1:12 char:30
+   if ($LASTEXITCODE -ne 0) { throw "pnpm exited $LASTEXITCODE" }
+                              ~~~~~~~~~~~~~~~~~~~~~~~~~~~~~~~~~
    + CategoryInfo          : OperationStopped: (pnpm exited 1:String) [], RuntimeException
    + FullyQualifiedErrorId : pnpm exited 1
