$ node scripts/check.mjs
Checking formatting...
All matched files use Prettier code style!
file:///D:/TapKit/scripts/check-boundaries.mjs:81
      ts.ScriptTarget.Latest,
                      ^

TypeError: Cannot read properties of undefined (reading 'Latest')
    at auditBoundaries (file:///D:/TapKit/scripts/check-boundaries.mjs:81:23)
    at async file:///D:/TapKit/scripts/check-boundaries.mjs:107:30

Node.js v24.21.0
file:///D:/TapKit/scripts/lib.mjs:23
  if (result.status !== 0) throw new Error(executable + ' exited ' + result.status);
                                 ^

Error: D:\TapKit\.runtime\node\node-v24.21.0-win-x64\node.exe exited 1
    at run (file:///D:/TapKit/scripts/lib.mjs:23:34)
    at file:///D:/TapKit/scripts/check.mjs:7:1
    at ModuleJob.run (node:internal/modules/esm/module_job:439:25)
    at async node:internal/modules/esm/loader:643:26
    at async asyncRunEntryPointWithESMLoader (node:internal/modules/run_main:101:5)

Node.js v24.18.0
[ELIFECYCLE] Command failed with exit code 1.
