tailwindcss@4.3.3
shiki@4.4.3
vite@8.3.0
lucide-react@1.46.0
react-router@8.3.1
pdfjs-dist@6.3.289
react@19.3.0
typescript@7.0.2
better-sqlite3@13.0.3
exceljs@4.4.0
electron-vite@5.0.0
pptxgenjs@4.0.1
pnpm@12.4.1
katex@0.18.7
mammoth@1.12.3
react-dom@19.3.0
vitest@5.0.0
prettier@3.9.6
zod@4.6.5
yauzl@3.4.0
fast-xml-parser@5.11.1
react-markdown@10.1.0
electron-builder@26.15.3
electron@44.3.0
rehype-katex@7.0.1
zustand@5.0.15
remark-gfm@4.0.1
mermaid@12.0.0
remark-math@6.0.0
typescript-eslint@8.70.0
docx@9.7.1
yazl@3.3.1
semver@7.8.5
eslint@10.10.0
yaml@2.9.1
@tailwindcss/vite@4.3.3
@tanstack/react-virtual@3.14.13
@tiptap/extension-table@3.31.3
@playwright/test@1.63.0
@types/better-sqlite3@9.6.0
@types/react-dom@19.3.0
@eslint/js@10.0.1
@huggingface/transformers@4.2.0
@types/react@19.3.0
@types/node@24.13.4
@tiptap/react@3.31.3
@tiptap/extension-image@3.31.3
@xterm/xterm@6.0.0
@tiptap/extension-link@3.31.3
@tiptap/starter-kit@3.31.3
@electron/rebuild@4.2.0
@tanstack/react-query@5.102.8
@mariozechner/pi-ai@0.73.1
python source saved
git source saved
node source saved
rust source saved
libreoffice source saved
