scripts/bootstrap.mjs 28ms (unchanged)
scripts/build.mjs 3ms (unchanged)
scripts/check-boundaries.mjs 25ms (unchanged)
scripts/check-manifests.mjs 10ms (unchanged)
scripts/check.mjs 2ms (unchanged)
scripts/dev-smoke.mjs 7ms (unchanged)
scripts/dev.mjs 2ms (unchanged)
scripts/docs-check.mjs 2ms (unchanged)
scripts/e2e.mjs 1ms (unchanged)
scripts/lib.mjs 4ms (unchanged)
scripts/not-implemented.mjs 1ms (unchanged)
scripts/prepare-native.mjs 2ms (unchanged)
scripts/repro.mjs 8ms (unchanged)
scripts/runtime-fetch.mjs 13ms (unchanged)
tests/e2e/P00-01.shell.spec.ts 49ms (unchanged)
tests/fixtures/mock-http.ts 12ms (unchanged)
tests/fixtures/stream.json 2ms (unchanged)
tests/integration/P00-01.boundaries.test.ts 1ms (unchanged)
tests/integration/P00-01.mock-http.test.ts 5ms (unchanged)
tests/setup.ts 2ms (unchanged)
tests/unit/P00-01.contracts.test.ts 5ms (unchanged)
README.md 29ms (unchanged)
THIRD_PARTY_NOTICES.md 37ms (unchanged)
dependency-baseline.json 17ms (unchanged)
docs/adr/0001-pi-baseline.md 3ms (unchanged)
docs/adr/0002-build-peer-compatibility.md 3ms (unchanged)
docs/adr/0003-native-api-and-tooling.md 8ms (unchanged)
docs/adr/0004-windows-msi-paths.md 4ms (unchanged)
docs/adr/template.md 4ms (unchanged)
docs/progress/CURRENT.md 5ms (unchanged)
docs/progress/INDEX.md 28ms (unchanged)
docs/progress/P00-01.md 10ms (unchanged)
docs/progress/RESOURCES.md 7ms (unchanged)
