scripts/bootstrap.mjs 24ms (unchanged)
scripts/build.mjs 3ms (unchanged)
scripts/check-boundaries.mjs 25ms (unchanged)
scripts/check-manifests.mjs 14ms
scripts/check.mjs 1ms (unchanged)
scripts/dev.mjs 2ms (unchanged)
scripts/docs-check.mjs 2ms (unchanged)
scripts/e2e.mjs 2ms (unchanged)
scripts/lib.mjs 3ms (unchanged)
scripts/not-implemented.mjs 1ms (unchanged)
scripts/prepare-native.mjs 2ms (unchanged)
scripts/runtime-fetch.mjs 9ms (unchanged)
packages/context/package.json 2ms (unchanged)
packages/context/src/index.ts 18ms (unchanged)
packages/contracts/package.json 1ms (unchanged)
packages/contracts/src/index.ts 14ms (unchanged)
packages/core/package.json 1ms (unchanged)
packages/core/src/index.ts 6ms (unchanged)
packages/core/vite.config.ts 3ms (unchanged)
packages/network/package.json 1ms (unchanged)
packages/network/src/index.ts 1ms (unchanged)
packages/providers/package.json 1ms (unchanged)
packages/providers/src/index.ts 1ms (unchanged)
packages/retrieval/package.json 1ms (unchanged)
packages/retrieval/src/index.ts 1ms (unchanged)
packages/storage/package.json 1ms (unchanged)
packages/storage/src/index.ts 5ms (unchanged)
packages/storage/vite.config.ts 2ms
packages/tools/package.json 1ms (unchanged)
packages/tools/src/index.ts 1ms (unchanged)
packages/ui/package.json 1ms (unchanged)
packages/ui/src/index.ts 1ms (unchanged)
packages/workflows/package.json 1ms (unchanged)
packages/workflows/src/index.ts 1ms (unchanged)
tests/e2e/P00-01.shell.spec.ts 18ms (unchanged)
tests/fixtures/mock-http.ts 8ms (unchanged)
tests/fixtures/stream.json 1ms (unchanged)
tests/integration/P00-01.boundaries.test.ts 1ms (unchanged)
tests/integration/P00-01.mock-http.test.ts 5ms (unchanged)
tests/setup.ts 2ms (unchanged)
tests/unit/P00-01.contracts.test.ts 4ms (unchanged)
package.json 1ms (unchanged)
dependency-baseline.json 12ms (unchanged)
