scripts/bootstrap.mjs 24ms (unchanged)
scripts/build.mjs 4ms (unchanged)
scripts/check-boundaries.mjs 24ms
scripts/check-manifests.mjs 7ms (unchanged)
scripts/check.mjs 1ms (unchanged)
scripts/dev.mjs 4ms (unchanged)
scripts/docs-check.mjs 1ms (unchanged)
scripts/e2e.mjs 2ms (unchanged)
scripts/lib.mjs 3ms (unchanged)
scripts/not-implemented.mjs 2ms (unchanged)
scripts/prepare-native.mjs 1ms
scripts/runtime-fetch.mjs 9ms (unchanged)
tests/e2e/P00-01.shell.spec.ts 48ms (unchanged)
tests/fixtures/mock-http.ts 11ms (unchanged)
tests/fixtures/stream.json 1ms (unchanged)
tests/integration/P00-01.boundaries.test.ts 2ms
tests/integration/P00-01.mock-http.test.ts 7ms (unchanged)
tests/setup.ts 3ms (unchanged)
tests/unit/P00-01.contracts.test.ts 4ms (unchanged)
docs/adr/0001-pi-baseline.md 24ms (unchanged)
docs/adr/0002-build-peer-compatibility.md 4ms (unchanged)
docs/adr/0003-native-api-and-tooling.md 3ms (unchanged)
docs/adr/template.md 1ms (unchanged)
dependency-baseline.json 12ms (unchanged)
native-lock.json 1ms (unchanged)
package.json 1ms (unchanged)
