Collecting pandas
  Downloading pandas-3.0.5-cp313-cp313-win_amd64.whl.metadata (19 kB)
Collecting openpyxl
  Downloading openpyxl-3.1.5-py2.py3-none-any.whl.metadata (2.5 kB)
Collecting matplotlib
  Downloading matplotlib-3.11.2-cp313-cp313-win_amd64.whl.metadata (80 kB)
Collecting numpy>=1.26.0 (from pandas)
  Downloading numpy-2.5.3-cp313-cp313-win_amd64.whl.metadata (6.6 kB)
Collecting python-dateutil>=2.8.2 (from pandas)
  Downloading python_dateutil-2.9.0.post0-py2.py3-none-any.whl.metadata (8.4 kB)
Collecting tzdata (from pandas)
  Downloading tzdata-2026.4-py2.py3-none-any.whl.metadata (1.4 kB)
Collecting et-xmlfile (from openpyxl)
  Downloading et_xmlfile-2.0.0-py3-none-any.whl.metadata (2.7 kB)
Collecting contourpy>=1.0.1 (from matplotlib)
  Downloading contourpy-1.4.0-cp313-cp313-win_amd64.whl.metadata (3.8 kB)
Collecting cycler>=0.10 (from matplotlib)
  Downloading cycler-0.12.1-py3-none-any.whl.metadata (3.8 kB)
Collecting fonttools>=4.28.2 (from matplotlib)
  Downloading fonttools-4.65.0-cp313-cp313-win_amd64.whl.metadata (127 kB)
Collecting kiwisolver>=1.3.1 (from matplotlib)
  Downloading kiwisolver-1.5.1-cp313-cp313-win_amd64.whl.metadata (5.2 kB)
Collecting packaging>=20.0 (from matplotlib)
  Using cached packaging-26.3-py3-none-any.whl.metadata (3.5 kB)
Collecting pillow>=9 (from matplotlib)
  Downloading pillow-12.3.0-cp313-cp313-win_amd64.whl.metadata (9.3 kB)
Collecting pyparsing>=3 (from matplotlib)
  Downloading pyparsing-3.3.2-py3-none-any.whl.metadata (5.8 kB)
Collecting six>=1.5 (from python-dateutil>=2.8.2->pandas)
  Downloading six-1.17.0-py2.py3-none-any.whl.metadata (1.7 kB)
Downloading pandas-3.0.5-cp313-cp313-win_amd64.whl (9.8 MB)
   ---------------------------------------- 9.8/9.8 MB 14.1 MB/s  0:00:00
Downloading openpyxl-3.1.5-py2.py3-none-any.whl (250 kB)
Downloading matplotlib-3.11.2-cp313-cp313-win_amd64.whl (9.3 MB)
   ---------------------------------------- 9.3/9.3 MB 14.2 MB/s  0:00:00
Downloading contourpy-1.4.0-cp313-cp313-win_amd64.whl (234 kB)
Downloading cycler-0.12.1-py3-none-any.whl (8.3 kB)
Downloading fonttools-4.65.0-cp313-cp313-win_amd64.whl (2.5 MB)
   ---------------------------------------- 2.5/2.5 MB 14.8 MB/s  0:00:00
Downloading kiwisolver-1.5.1-cp313-cp313-win_amd64.whl (70 kB)
Downloading numpy-2.5.3-cp313-cp313-win_amd64.whl (12.6 MB)
   ---------------------------------------- 12.6/12.6 MB 14.0 MB/s  0:00:00
Using cached packaging-26.3-py3-none-any.whl (129 kB)
Downloading pillow-12.3.0-cp313-cp313-win_amd64.whl (7.2 MB)
   ---------------------------------------- 7.2/7.2 MB 14.2 MB/s  0:00:00
Downloading pyparsing-3.3.2-py3-none-any.whl (122 kB)
Downloading python_dateutil-2.9.0.post0-py2.py3-none-any.whl (229 kB)
Downloading six-1.17.0-py2.py3-none-any.whl (11 kB)
Downloading et_xmlfile-2.0.0-py3-none-any.whl (18 kB)
Downloading tzdata-2026.4-py2.py3-none-any.whl (347 kB)
Saved .\.cache\wheels\pandas-3.0.5-cp313-cp313-win_amd64.whl
Saved .\.cache\wheels\openpyxl-3.1.5-py2.py3-none-any.whl
Saved .\.cache\wheels\matplotlib-3.11.2-cp313-cp313-win_amd64.whl
Saved .\.cache\wheels\contourpy-1.4.0-cp313-cp313-win_amd64.whl
Saved .\.cache\wheels\cycler-0.12.1-py3-none-any.whl
Saved .\.cache\wheels\fonttools-4.65.0-cp313-cp313-win_amd64.whl
Saved .\.cache\wheels\kiwisolver-1.5.1-cp313-cp313-win_amd64.whl
Saved .\.cache\wheels\numpy-2.5.3-cp313-cp313-win_amd64.whl
Saved .\.cache\wheels\packaging-26.3-py3-none-any.whl
Saved .\.cache\wheels\pillow-12.3.0-cp313-cp313-win_amd64.whl
Saved .\.cache\wheels\pyparsing-3.3.2-py3-none-any.whl
Saved .\.cache\wheels\python_dateutil-2.9.0.post0-py2.py3-none-any.whl
Saved .\.cache\wheels\six-1.17.0-py2.py3-none-any.whl
Saved .\.cache\wheels\et_xmlfile-2.0.0-py3-none-any.whl
Saved .\.cache\wheels\tzdata-2026.4-py2.py3-none-any.whl
Successfully downloaded pandas openpyxl matplotlib contourpy cycler fonttools kiwisolver numpy packaging pillow pyparsing python-dateutil six et-xmlfile tzdata

[notice] A new release of pip is available: 26.1.2 -> 26.2.1
[notice] To update, run: python.exe -m pip install --upgrade pip
