$ node scripts/repro.mjs
node prepared 24.21.0
python prepared 3.13.15
git prepared 2.55.0.windows.5
rust prepared 1.98.1
libreoffice prepared 26.2.6
3.0.5 3.1.5 3.11.2
v24.21.0
Scope: all 12 workspace projects
? Verifying lockfile against supply-chain policies (1091 entries)...
Downloading @img/sharp-win32-x64@0.34.5: 0.00 B/8.68 MB
Downloading pdfjs-dist@6.3.289: 0.00 B/8.50 MB
Downloading @napi-rs/canvas-win32-x64-msvc@1.0.9: 0.00 B/15.23 MB
Downloading onnxruntime-web@1.26.0-dev.20260416-b7804b056c: 0.00 B/30.23 MB
Packages are hard linked from the content-addressable store to the virtual store.
  Content-addressable store is at: D:\TapKit\.cache\repro\中文用户 工程-Ker44u\.test-data\中文 用户目录\AppData\Local\pnpm\store\v11
  Virtual store is at:             node_modules/.pnpm
Progress: resolved 932, reused 0, downloaded 96, added 65
Progress: resolved 932, reused 0, downloaded 128, added 97
Progress: resolved 932, reused 0, downloaded 160, added 144
[WARN] Tarball download average speed 5 KiB/s (size 7 KiB) is below 50 KiB/s: https://registry.npmjs.org/estraverse/-/estraverse-5.3.0.tgz (GET)
[WARN] Tarball download average speed 4 KiB/s (size 9 KiB) is below 50 KiB/s: https://registry.npmjs.org/jsesc/-/jsesc-3.1.0.tgz (GET)
[WARN] Tarball download average speed 15 KiB/s (size 31 KiB) is below 50 KiB/s: https://registry.npmjs.org/d3-array/-/d3-array-2.12.1.tgz (GET)
[WARN] Tarball download average speed 12 KiB/s (size 25 KiB) is below 50 KiB/s: https://registry.npmjs.org/@shikijs/vscode-textmate/-/vscode-textmate-10.0.2.tgz (GET)
[WARN] Tarball download average speed 8 KiB/s (size 17 KiB) is below 50 KiB/s: https://registry.npmjs.org/hast-util-to-html/-/hast-util-to-html-9.0.5.tgz (GET)
[WARN] Tarball download average speed 5 KiB/s (size 15 KiB) is below 50 KiB/s: https://registry.npmjs.org/micromark-extension-gfm-footnote/-/micromark-extension-gfm-footnote-2.1.0.tgz (GET)
[WARN] Tarball download average speed 25 KiB/s (size 80 KiB) is below 50 KiB/s: https://registry.npmjs.org/@huggingface/jinja/-/jinja-0.5.10.tgz (GET)
[WARN] Tarball download average speed 10 KiB/s (size 30 KiB) is below 50 KiB/s: https://registry.npmjs.org/prosemirror-changeset/-/prosemirror-changeset-2.4.2.tgz (GET)
[WARN] Tarball download average speed 45 KiB/s (size 136 KiB) is below 50 KiB/s: https://registry.npmjs.org/bluebird/-/bluebird-3.7.2.tgz (GET)
Progress: resolved 932, reused 0, downloaded 256, added 246
Downloading @typescript/typescript-win32-x64@7.0.2: 0.00 B/9.77 MB
[WARN] Tarball download average speed 1 KiB/s (size 4 KiB) is below 50 KiB/s: https://registry.npmjs.org/es-object-atoms/-/es-object-atoms-1.1.2.tgz (GET)
[WARN] Tarball download average speed 2 KiB/s (size 8 KiB) is below 50 KiB/s: https://registry.npmjs.org/define-data-property/-/define-data-property-1.1.4.tgz (GET)
[WARN] Tarball download average speed 7 KiB/s (size 23 KiB) is below 50 KiB/s: https://registry.npmjs.org/picomatch/-/picomatch-4.0.7.tgz (GET)
[WARN] Tarball download average speed 2 KiB/s (size 9 KiB) is below 50 KiB/s: https://registry.npmjs.org/safe-buffer/-/safe-buffer-5.2.1.tgz (GET)
[WARN] Tarball download average speed 4 KiB/s (size 15 KiB) is below 50 KiB/s: https://registry.npmjs.org/http2-wrapper/-/http2-wrapper-1.0.3.tgz (GET)
[WARN] Tarball download average speed 6 KiB/s (size 20 KiB) is below 50 KiB/s: https://registry.npmjs.org/d3-time-format/-/d3-time-format-4.1.0.tgz (GET)
[WARN] Tarball download average speed 8 KiB/s (size 30 KiB) is below 50 KiB/s: https://registry.npmjs.org/esbuild/-/esbuild-0.25.12.tgz (GET)
[WARN] Tarball download average speed 4 KiB/s (size 14 KiB) is below 50 KiB/s: https://registry.npmjs.org/@electron/notarize/-/notarize-2.5.0.tgz (GET)
[WARN] Tarball download average speed 1 KiB/s (size 5 KiB) is below 50 KiB/s: https://registry.npmjs.org/progress/-/progress-2.0.3.tgz (GET)
[WARN] Tarball download average speed 33 KiB/s (size 114 KiB) is below 50 KiB/s: https://registry.npmjs.org/minimatch/-/minimatch-10.2.6.tgz (GET)
Downloading onnxruntime-node@1.24.3: 0.00 B/85.98 MB
Downloading mermaid@12.0.0: 0.00 B/26.39 MB
Downloading mermaid@12.0.0: 587.90 kB/26.39 MB
Downloading electron-winstaller@5.4.0: 0.00 B/9.14 MB
Downloading electron-winstaller@5.4.0: 1.42 MB/9.14 MB
Downloading pdfjs-dist@6.3.289: 3.70 MB/8.50 MB
Progress: resolved 932, reused 0, downloaded 416, added 405
Progress: resolved 932, reused 0, downloaded 416, added 406
[WARN] Tarball download average speed 2 KiB/s (size 15 KiB) is below 50 KiB/s: https://registry.npmjs.org/lodash.groupby/-/lodash.groupby-4.6.0.tgz (GET)
[WARN] Tarball download average speed 11 KiB/s (size 72 KiB) is below 50 KiB/s: https://registry.npmjs.org/@tiptap/extensions/-/extensions-3.31.3.tgz (GET)
[WARN] Tarball download average speed 1 KiB/s (size 7 KiB) is below 50 KiB/s: https://registry.npmjs.org/gensync/-/gensync-1.0.0-beta.2.tgz (GET)
[WARN] Tarball download average speed 35 KiB/s (size 40 KiB) is below 50 KiB/s: https://registry.npmjs.org/stylis/-/stylis-4.4.0.tgz (GET)
[WARN] Tarball download average speed 4 KiB/s (size 4 KiB) is below 50 KiB/s: https://registry.npmjs.org/jwa/-/jwa-2.0.1.tgz (GET)
Progress: resolved 932, reused 0, downloaded 634, added 608
Progress: resolved 932, reused 0, downloaded 682, added 672
Progress: resolved 932, reused 0, downloaded 731, added 704
Downloading better-sqlite3@13.0.3: 0.00 B/11.40 MB
Downloading cytoscape-fcose@2.2.0: 0.00 B/7.60 MB
Downloading better-sqlite3@13.0.3: 904.39 kB/11.40 MB
Downloading cytoscape-fcose@2.2.0: 502.84 kB/7.60 MB
Downloading better-sqlite3@13.0.3: 4.73 MB/11.40 MB
✓ Lockfile passes supply-chain policies (1091 entries in 28.3s)
Lockfile is up to date, resolution step is skipped
Downloading onnxruntime-node@1.24.3: 17.53 MB/85.98 MB
Downloading onnxruntime-node@1.24.3: 21.36 MB/85.98 MB
Progress: resolved 932, reused 0, downloaded 800, added 800
Progress: resolved 932, reused 0, downloaded 832, added 822
Progress: resolved 932, reused 0, downloaded 896, added 891
Progress: resolved 932, reused 0, downloaded 928, added 919
Downloading onnxruntime-node@1.24.3: 32.82 MB/85.98 MB
Downloading mermaid@12.0.0: 19.46 MB/26.39 MB
Downloading onnxruntime-node@1.24.3: 46.34 MB/85.98 MB
Downloading onnxruntime-node@1.24.3: 53.96 MB/85.98 MB
Downloading onnxruntime-node@1.24.3: 62.50 MB/85.98 MB
Downloading onnxruntime-node@1.24.3: 68.65 MB/85.98 MB
Downloading onnxruntime-node@1.24.3: 80.97 MB/85.98 MB
Packages: +932
++++++++++++++++++++++++++++++++++++++++++++++++++++++++++++++++++++++++++++++++
Progress: resolved 932, reused 0, downloaded 932, added 932, done

devDependencies:
+ @babel/parser 8.0.5
+ @electron/rebuild 4.2.0
+ @eslint/js 10.0.1
+ @playwright/test 1.63.0
+ @types/better-sqlite3 9.6.0
+ @types/node 24.13.4
+ @types/react 19.3.0
+ @types/react-dom 19.3.0
+ electron 44.3.0
+ electron-builder 26.15.3
+ electron-vite 5.0.0
+ eslint 10.10.0
+ prettier 3.9.6
+ semver 7.8.5
+ typescript 7.0.2
+ vite 7.3.6
+ vitest 5.0.0
+ yaml 2.9.1

Done in 45.1s using pnpm v12.4.1
Verified better-sqlite3 Node-API prebuild e21e5efd71fba66578e95b62554d9028064a80dafd7221bf8a8ef155de8d240a; Electron probe runs after build
vite v7.3.6 building ssr environment for production...
transforming...
✓ 1 modules transformed.
rendering chunks...
packages/storage/dist/index.cjs  0.76 kB
✓ built in 47ms
vite v7.3.6 building ssr environment for production...
transforming...
node_modules/.pnpm/zod@4.6.5/node_modules/zod/v4/core/regexes.js (74:0): A comment

"/** Anchors a pattern source. The interpolation lives here rather than at the call site because
 * esbuild will not drop a `@__PURE__` call whose own argument interpolates a variable, but it
 * will drop `anchor(dateSource)`. Keeping it inline pinned `date` into every bundle. */"

in "node_modules/.pnpm/zod@4.6.5/node_modules/zod/v4/core/regexes.js" contains an annotation that Rollup cannot interpret due to the position of the comment. The comment will be removed to avoid issues.
node_modules/.pnpm/zod@4.6.5/node_modules/zod/v4/core/util.js (400:0): A comment

"// Wrapped in a `@__PURE__` IIFE: esbuild never tree-shakes a top-level initializer that contains a member access on `Number`, so the bare object literal survived into every bundle."

in "node_modules/.pnpm/zod@4.6.5/node_modules/zod/v4/core/util.js" contains an annotation that Rollup cannot interpret due to the position of the comment. The comment will be removed to avoid issues.
✓ 97 modules transformed.
rendering chunks...
packages/core/dist/index.cjs  177.36 kB
✓ built in 608ms
vite v7.3.6 building ssr environment for production...
transforming...
../../node_modules/.pnpm/zod@4.6.5/node_modules/zod/v4/core/regexes.js (74:0): A comment

"/** Anchors a pattern source. The interpolation lives here rather than at the call site because
 * esbuild will not drop a `@__PURE__` call whose own argument interpolates a variable, but it
 * will drop `anchor(dateSource)`. Keeping it inline pinned `date` into every bundle. */"

in "../../node_modules/.pnpm/zod@4.6.5/node_modules/zod/v4/core/regexes.js" contains an annotation that Rollup cannot interpret due to the position of the comment. The comment will be removed to avoid issues.
../../node_modules/.pnpm/zod@4.6.5/node_modules/zod/v4/core/util.js (400:0): A comment

"// Wrapped in a `@__PURE__` IIFE: esbuild never tree-shakes a top-level initializer that contains a member access on `Number`, so the bare object literal survived into every bundle."

in "../../node_modules/.pnpm/zod@4.6.5/node_modules/zod/v4/core/util.js" contains an annotation that Rollup cannot interpret due to the position of the comment. The comment will be removed to avoid issues.
✓ 97 modules transformed.
rendering chunks...
out/main/index.js  181.20 kB
✓ built in 1.00s
vite v7.3.6 building ssr environment for production...
transforming...
../../node_modules/.pnpm/zod@4.6.5/node_modules/zod/v4/core/util.js (400:0): A comment

"// Wrapped in a `@__PURE__` IIFE: esbuild never tree-shakes a top-level initializer that contains a member access on `Number`, so the bare object literal survived into every bundle."

in "../../node_modules/.pnpm/zod@4.6.5/node_modules/zod/v4/core/util.js" contains an annotation that Rollup cannot interpret due to the position of the comment. The comment will be removed to avoid issues.
../../node_modules/.pnpm/zod@4.6.5/node_modules/zod/v4/core/regexes.js (74:0): A comment

"/** Anchors a pattern source. The interpolation lives here rather than at the call site because
 * esbuild will not drop a `@__PURE__` call whose own argument interpolates a variable, but it
 * will drop `anchor(dateSource)`. Keeping it inline pinned `date` into every bundle. */"

in "../../node_modules/.pnpm/zod@4.6.5/node_modules/zod/v4/core/regexes.js" contains an annotation that Rollup cannot interpret due to the position of the comment. The comment will be removed to avoid issues.
✓ 97 modules transformed.
rendering chunks...
out/preload/index.js  176.81 kB
✓ built in 633ms
vite v7.3.6 building client environment for production...
transforming...
✓ 28 modules transformed.
rendering chunks...
../../out/renderer/index.html                   0.60 kB
../../out/renderer/assets/index-Btb8L5UA.css    7.19 kB
../../out/renderer/assets/index-2EOakfTA.js   645.56 kB
✓ built in 1.12s
$ node scripts/e2e.mjs "--" "--grep" "P00-01.*ABI"

Running 1 test using 1 worker

(node:28036) Warning: The 'NO_COLOR' env is ignored due to the 'FORCE_COLOR' env being set.
(Use `node --trace-warnings ...` to show where the warning was created)
TAPKIT_CORE_READY
TAPKIT_CORE_PONG
TAPKIT_CORE_PONG
P00-01 runtime probe {"nonce":"中文 空格 ABI","process":"core","sqliteVersion":"3.53.4","electronVersion":"44.3.0","nodeAbi":"149","corePid":3604}
TAPKIT_HOST_WINDOW 38740
(node:38740) Warning: The 'NO_COLOR' env is ignored due to the 'FORCE_COLOR' env being set.
(Use `electron --trace-warnings ...` to show where the warning was created)
Debugger ending on ws://127.0.0.1:59444/a1b43092-0e08-4edc-80e0-113d8d4e68e2
For help, see: https://nodejs.org/learn/getting-started/debugging
TAPKIT_CORE_EXIT 0
  ok 1 tests\e2e\P00-01.shell.spec.ts:22:1 › P00-01 ABI: Electron React Core SQLite FTS5 and Chinese data directory (4.0s)

  1 passed (4.5s)
BOOTSTRAP_OK
$ node scripts/check.mjs
Checking formatting...
All matched files use Prettier code style!
Dependency boundaries verified
Runtime/dependency/wheel manifests verified
$ vitest run --config vitest.config.ts --project unit

 RUN  v5.0.0 D:/TapKit/.cache/repro/中文用户 工程-Ker44u


 Test Files  1 passed (1)
      Tests  4 passed (4)
   Start at  18:49:39
   Duration  594ms (transform 43%, import 40%, setup 7%, worker 7%, tests 3%)

$ vitest run --config vitest.config.ts --project integration

 RUN  v5.0.0 D:/TapKit/.cache/repro/中文用户 工程-Ker44u


 Test Files  2 passed (2)
      Tests  5 passed (5)
   Start at  18:49:40
   Duration  531ms (tests 53%, transform 30%, import 8%, setup 6%, worker 2%)

$ node scripts/build.mjs
vite v7.3.6 building ssr environment for production...
transforming...
✓ 1 modules transformed.
rendering chunks...
packages/storage/dist/index.cjs  0.76 kB
✓ built in 49ms
vite v7.3.6 building ssr environment for production...
transforming...
node_modules/.pnpm/zod@4.6.5/node_modules/zod/v4/core/util.js (400:0): A comment

"// Wrapped in a `@__PURE__` IIFE: esbuild never tree-shakes a top-level initializer that contains a member access on `Number`, so the bare object literal survived into every bundle."

in "node_modules/.pnpm/zod@4.6.5/node_modules/zod/v4/core/util.js" contains an annotation that Rollup cannot interpret due to the position of the comment. The comment will be removed to avoid issues.
node_modules/.pnpm/zod@4.6.5/node_modules/zod/v4/core/regexes.js (74:0): A comment

"/** Anchors a pattern source. The interpolation lives here rather than at the call site because
 * esbuild will not drop a `@__PURE__` call whose own argument interpolates a variable, but it
 * will drop `anchor(dateSource)`. Keeping it inline pinned `date` into every bundle. */"

in "node_modules/.pnpm/zod@4.6.5/node_modules/zod/v4/core/regexes.js" contains an annotation that Rollup cannot interpret due to the position of the comment. The comment will be removed to avoid issues.
✓ 97 modules transformed.
rendering chunks...
packages/core/dist/index.cjs  177.36 kB
✓ built in 512ms
vite v7.3.6 building ssr environment for production...
transforming...
../../node_modules/.pnpm/zod@4.6.5/node_modules/zod/v4/core/util.js (400:0): A comment

"// Wrapped in a `@__PURE__` IIFE: esbuild never tree-shakes a top-level initializer that contains a member access on `Number`, so the bare object literal survived into every bundle."

in "../../node_modules/.pnpm/zod@4.6.5/node_modules/zod/v4/core/util.js" contains an annotation that Rollup cannot interpret due to the position of the comment. The comment will be removed to avoid issues.
../../node_modules/.pnpm/zod@4.6.5/node_modules/zod/v4/core/regexes.js (74:0): A comment

"/** Anchors a pattern source. The interpolation lives here rather than at the call site because
 * esbuild will not drop a `@__PURE__` call whose own argument interpolates a variable, but it
 * will drop `anchor(dateSource)`. Keeping it inline pinned `date` into every bundle. */"

in "../../node_modules/.pnpm/zod@4.6.5/node_modules/zod/v4/core/regexes.js" contains an annotation that Rollup cannot interpret due to the position of the comment. The comment will be removed to avoid issues.
✓ 97 modules transformed.
rendering chunks...
out/main/index.js  181.20 kB
✓ built in 626ms
vite v7.3.6 building ssr environment for production...
transforming...
../../node_modules/.pnpm/zod@4.6.5/node_modules/zod/v4/core/util.js (400:0): A comment

"// Wrapped in a `@__PURE__` IIFE: esbuild never tree-shakes a top-level initializer that contains a member access on `Number`, so the bare object literal survived into every bundle."

in "../../node_modules/.pnpm/zod@4.6.5/node_modules/zod/v4/core/util.js" contains an annotation that Rollup cannot interpret due to the position of the comment. The comment will be removed to avoid issues.
../../node_modules/.pnpm/zod@4.6.5/node_modules/zod/v4/core/regexes.js (74:0): A comment

"/** Anchors a pattern source. The interpolation lives here rather than at the call site because
 * esbuild will not drop a `@__PURE__` call whose own argument interpolates a variable, but it
 * will drop `anchor(dateSource)`. Keeping it inline pinned `date` into every bundle. */"

in "../../node_modules/.pnpm/zod@4.6.5/node_modules/zod/v4/core/regexes.js" contains an annotation that Rollup cannot interpret due to the position of the comment. The comment will be removed to avoid issues.
✓ 97 modules transformed.
rendering chunks...
out/preload/index.js  176.81 kB
✓ built in 368ms
vite v7.3.6 building client environment for production...
transforming...
✓ 28 modules transformed.
rendering chunks...
../../out/renderer/index.html                   0.60 kB
../../out/renderer/assets/index-Btb8L5UA.css    7.19 kB
../../out/renderer/assets/index-2EOakfTA.js   645.56 kB
✓ built in 651ms
$ node scripts/e2e.mjs "--" "--grep" "P00-01"

Running 2 tests using 1 worker

(node:38468) Warning: The 'NO_COLOR' env is ignored due to the 'FORCE_COLOR' env being set.
(Use `node --trace-warnings ...` to show where the warning was created)
TAPKIT_CORE_READY
TAPKIT_CORE_PONG
TAPKIT_HOST_WINDOW 22336
(node:22336) Warning: The 'NO_COLOR' env is ignored due to the 'FORCE_COLOR' env being set.
(Use `electron --trace-warnings ...` to show where the warning was created)
TAPKIT_CORE_PONG
P00-01 runtime probe {"nonce":"中文 空格 ABI","process":"core","sqliteVersion":"3.53.4","electronVersion":"44.3.0","nodeAbi":"149","corePid":4148}
Debugger ending on ws://127.0.0.1:54455/3b62d30d-c9c0-4270-acaf-dac6adbe4525
For help, see: https://nodejs.org/learn/getting-started/debugging
TAPKIT_CORE_EXIT 0
  ok 1 tests\e2e\P00-01.shell.spec.ts:22:1 › P00-01 ABI: Electron React Core SQLite FTS5 and Chinese data directory (1.1s)
TAPKIT_CORE_READY
TAPKIT_CORE_PONG
TAPKIT_HOST_WINDOW 18108
(node:18108) Warning: The 'NO_COLOR' env is ignored due to the 'FORCE_COLOR' env being set.
(Use `electron --trace-warnings ...` to show where the warning was created)
TAPKIT_CORE_PONG
Debugger ending on ws://127.0.0.1:49677/c1d7e711-aa55-4a2b-80f9-a1a8fd4a1719
For help, see: https://nodejs.org/learn/getting-started/debugging
TAPKIT_CORE_EXIT 0
  ok 2 tests\e2e\P00-01.shell.spec.ts:42:1 › P00-01 sandbox bridge errors and clean child shutdown (830ms)

  2 passed (2.4s)
$ node scripts/dev.mjs
$ node scripts/build.mjs
vite v7.3.6 building ssr environment for production...
transforming...
✓ 1 modules transformed.
rendering chunks...
packages/storage/dist/index.cjs  0.76 kB
✓ built in 49ms
vite v7.3.6 building ssr environment for production...
transforming...
node_modules/.pnpm/zod@4.6.5/node_modules/zod/v4/core/util.js (400:0): A comment

"// Wrapped in a `@__PURE__` IIFE: esbuild never tree-shakes a top-level initializer that contains a member access on `Number`, so the bare object literal survived into every bundle."

in "node_modules/.pnpm/zod@4.6.5/node_modules/zod/v4/core/util.js" contains an annotation that Rollup cannot interpret due to the position of the comment. The comment will be removed to avoid issues.
node_modules/.pnpm/zod@4.6.5/node_modules/zod/v4/core/regexes.js (74:0): A comment

"/** Anchors a pattern source. The interpolation lives here rather than at the call site because
 * esbuild will not drop a `@__PURE__` call whose own argument interpolates a variable, but it
 * will drop `anchor(dateSource)`. Keeping it inline pinned `date` into every bundle. */"

in "node_modules/.pnpm/zod@4.6.5/node_modules/zod/v4/core/regexes.js" contains an annotation that Rollup cannot interpret due to the position of the comment. The comment will be removed to avoid issues.
✓ 97 modules transformed.
rendering chunks...
packages/core/dist/index.cjs  177.36 kB
✓ built in 638ms
vite v7.3.6 building ssr environment for production...
transforming...
../../node_modules/.pnpm/zod@4.6.5/node_modules/zod/v4/core/util.js (400:0): A comment

"// Wrapped in a `@__PURE__` IIFE: esbuild never tree-shakes a top-level initializer that contains a member access on `Number`, so the bare object literal survived into every bundle."

in "../../node_modules/.pnpm/zod@4.6.5/node_modules/zod/v4/core/util.js" contains an annotation that Rollup cannot interpret due to the position of the comment. The comment will be removed to avoid issues.
../../node_modules/.pnpm/zod@4.6.5/node_modules/zod/v4/core/regexes.js (74:0): A comment

"/** Anchors a pattern source. The interpolation lives here rather than at the call site because
 * esbuild will not drop a `@__PURE__` call whose own argument interpolates a variable, but it
 * will drop `anchor(dateSource)`. Keeping it inline pinned `date` into every bundle. */"

in "../../node_modules/.pnpm/zod@4.6.5/node_modules/zod/v4/core/regexes.js" contains an annotation that Rollup cannot interpret due to the position of the comment. The comment will be removed to avoid issues.
✓ 97 modules transformed.
rendering chunks...
out/main/index.js  181.20 kB
✓ built in 589ms
vite v7.3.6 building ssr environment for production...
transforming...
../../node_modules/.pnpm/zod@4.6.5/node_modules/zod/v4/core/util.js (400:0): A comment

"// Wrapped in a `@__PURE__` IIFE: esbuild never tree-shakes a top-level initializer that contains a member access on `Number`, so the bare object literal survived into every bundle."

in "../../node_modules/.pnpm/zod@4.6.5/node_modules/zod/v4/core/util.js" contains an annotation that Rollup cannot interpret due to the position of the comment. The comment will be removed to avoid issues.
../../node_modules/.pnpm/zod@4.6.5/node_modules/zod/v4/core/regexes.js (74:0): A comment

"/** Anchors a pattern source. The interpolation lives here rather than at the call site because
 * esbuild will not drop a `@__PURE__` call whose own argument interpolates a variable, but it
 * will drop `anchor(dateSource)`. Keeping it inline pinned `date` into every bundle. */"

in "../../node_modules/.pnpm/zod@4.6.5/node_modules/zod/v4/core/regexes.js" contains an annotation that Rollup cannot interpret due to the position of the comment. The comment will be removed to avoid issues.
✓ 97 modules transformed.
rendering chunks...
out/preload/index.js  176.81 kB
✓ built in 379ms
vite v7.3.6 building client environment for production...
transforming...
✓ 28 modules transformed.
rendering chunks...
../../out/renderer/index.html                   0.60 kB
../../out/renderer/assets/index-Btb8L5UA.css    7.19 kB
../../out/renderer/assets/index-2EOakfTA.js   645.56 kB
✓ built in 649ms
vite v7.3.6 building ssr environment for development...
transforming...
../../node_modules/.pnpm/zod@4.6.5/node_modules/zod/v4/core/util.js (400:0): A comment

"// Wrapped in a `@__PURE__` IIFE: esbuild never tree-shakes a top-level initializer that contains a member access on `Number`, so the bare object literal survived into every bundle."

in "../../node_modules/.pnpm/zod@4.6.5/node_modules/zod/v4/core/util.js" contains an annotation that Rollup cannot interpret due to the position of the comment. The comment will be removed to avoid issues.
../../node_modules/.pnpm/zod@4.6.5/node_modules/zod/v4/core/regexes.js (74:0): A comment

"/** Anchors a pattern source. The interpolation lives here rather than at the call site because
 * esbuild will not drop a `@__PURE__` call whose own argument interpolates a variable, but it
 * will drop `anchor(dateSource)`. Keeping it inline pinned `date` into every bundle. */"

in "../../node_modules/.pnpm/zod@4.6.5/node_modules/zod/v4/core/regexes.js" contains an annotation that Rollup cannot interpret due to the position of the comment. The comment will be removed to avoid issues.
✓ 97 modules transformed.
rendering chunks...
out/main/index.js  181.20 kB
✓ built in 610ms

electron main process built successfully

-----

vite v7.3.6 building ssr environment for development...
transforming...
../../node_modules/.pnpm/zod@4.6.5/node_modules/zod/v4/core/util.js (400:0): A comment

"// Wrapped in a `@__PURE__` IIFE: esbuild never tree-shakes a top-level initializer that contains a member access on `Number`, so the bare object literal survived into every bundle."

in "../../node_modules/.pnpm/zod@4.6.5/node_modules/zod/v4/core/util.js" contains an annotation that Rollup cannot interpret due to the position of the comment. The comment will be removed to avoid issues.
../../node_modules/.pnpm/zod@4.6.5/node_modules/zod/v4/core/regexes.js (74:0): A comment

"/** Anchors a pattern source. The interpolation lives here rather than at the call site because
 * esbuild will not drop a `@__PURE__` call whose own argument interpolates a variable, but it
 * will drop `anchor(dateSource)`. Keeping it inline pinned `date` into every bundle. */"

in "../../node_modules/.pnpm/zod@4.6.5/node_modules/zod/v4/core/regexes.js" contains an annotation that Rollup cannot interpret due to the position of the comment. The comment will be removed to avoid issues.
✓ 97 modules transformed.
rendering chunks...
out/preload/index.js  176.81 kB
✓ built in 369ms

electron preload scripts built successfully

-----

dev server running for the electron renderer process at:

  ➜  Local:   http://127.0.0.1:5173/

starting electron app...


TAPKIT_CORE_READY
TAPKIT_HOST_WINDOW 39632
TAPKIT_CORE_PONG
TAPKIT_CORE_PONG
TAPKIT_CORE_EXIT 0
P00-01 DEV_SMOKE_OK: real dev window, Renderer/Core ping, graceful shutdown
node already prepared 24.21.0
python already prepared 3.13.15
git already prepared 2.55.0.windows.5
rust already prepared 1.98.1
libreoffice already prepared 26.2.6
3.0.5 3.1.5 3.11.2
v24.21.0
Scope: all 12 workspace projects
✓ Lockfile passes supply-chain policies (verified 2m ago)
Lockfile is up to date, resolution step is skipped
Packages are hard linked from the content-addressable store to the virtual store.
  Content-addressable store is at: D:\TapKit\.cache\repro\中文用户 工程-Ker44u\.test-data\中文 用户目录\AppData\Local\pnpm\store\v11
  Virtual store is at:             node_modules/.pnpm
Progress: resolved 298, reused 298, downloaded 0, added 266
Progress: resolved 478, reused 478, downloaded 0, added 446
Progress: resolved 656, reused 656, downloaded 0, added 625
Progress: resolved 807, reused 807, downloaded 0, added 776
Progress: resolved 906, reused 906, downloaded 0, added 879
Progress: resolved 932, reused 932, downloaded 0, added 921
Packages: +932
++++++++++++++++++++++++++++++++++++++++++++++++++++++++++++++++++++++++++++++++
Progress: resolved 932, reused 932, downloaded 0, added 932, done

devDependencies:
+ @babel/parser 8.0.5
+ @electron/rebuild 4.2.0
+ @eslint/js 10.0.1
+ @playwright/test 1.63.0
+ @types/better-sqlite3 9.6.0
+ @types/node 24.13.4
+ @types/react 19.3.0
+ @types/react-dom 19.3.0
+ electron 44.3.0
+ electron-builder 26.15.3
+ electron-vite 5.0.0
+ eslint 10.10.0
+ prettier 3.9.6
+ semver 7.8.5
+ typescript 7.0.2
+ vite 7.3.6
+ vitest 5.0.0
+ yaml 2.9.1

Done in 9.7s using pnpm v12.4.1
Verified better-sqlite3 Node-API prebuild e21e5efd71fba66578e95b62554d9028064a80dafd7221bf8a8ef155de8d240a; Electron probe runs after build
vite v7.3.6 building ssr environment for production...
transforming...
✓ 1 modules transformed.
rendering chunks...
packages/storage/dist/index.cjs  0.76 kB
✓ built in 67ms
vite v7.3.6 building ssr environment for production...
transforming...
node_modules/.pnpm/zod@4.6.5/node_modules/zod/v4/core/util.js (400:0): A comment

"// Wrapped in a `@__PURE__` IIFE: esbuild never tree-shakes a top-level initializer that contains a member access on `Number`, so the bare object literal survived into every bundle."

in "node_modules/.pnpm/zod@4.6.5/node_modules/zod/v4/core/util.js" contains an annotation that Rollup cannot interpret due to the position of the comment. The comment will be removed to avoid issues.
node_modules/.pnpm/zod@4.6.5/node_modules/zod/v4/core/regexes.js (74:0): A comment

"/** Anchors a pattern source. The interpolation lives here rather than at the call site because
 * esbuild will not drop a `@__PURE__` call whose own argument interpolates a variable, but it
 * will drop `anchor(dateSource)`. Keeping it inline pinned `date` into every bundle. */"

in "node_modules/.pnpm/zod@4.6.5/node_modules/zod/v4/core/regexes.js" contains an annotation that Rollup cannot interpret due to the position of the comment. The comment will be removed to avoid issues.
✓ 97 modules transformed.
rendering chunks...
packages/core/dist/index.cjs  177.36 kB
✓ built in 546ms
vite v7.3.6 building ssr environment for production...
transforming...
../../node_modules/.pnpm/zod@4.6.5/node_modules/zod/v4/core/util.js (400:0): A comment

"// Wrapped in a `@__PURE__` IIFE: esbuild never tree-shakes a top-level initializer that contains a member access on `Number`, so the bare object literal survived into every bundle."

in "../../node_modules/.pnpm/zod@4.6.5/node_modules/zod/v4/core/util.js" contains an annotation that Rollup cannot interpret due to the position of the comment. The comment will be removed to avoid issues.
../../node_modules/.pnpm/zod@4.6.5/node_modules/zod/v4/core/regexes.js (74:0): A comment

"/** Anchors a pattern source. The interpolation lives here rather than at the call site because
 * esbuild will not drop a `@__PURE__` call whose own argument interpolates a variable, but it
 * will drop `anchor(dateSource)`. Keeping it inline pinned `date` into every bundle. */"

in "../../node_modules/.pnpm/zod@4.6.5/node_modules/zod/v4/core/regexes.js" contains an annotation that Rollup cannot interpret due to the position of the comment. The comment will be removed to avoid issues.
✓ 97 modules transformed.
rendering chunks...
out/main/index.js  181.20 kB
✓ built in 632ms
vite v7.3.6 building ssr environment for production...
transforming...
../../node_modules/.pnpm/zod@4.6.5/node_modules/zod/v4/core/util.js (400:0): A comment

"// Wrapped in a `@__PURE__` IIFE: esbuild never tree-shakes a top-level initializer that contains a member access on `Number`, so the bare object literal survived into every bundle."

in "../../node_modules/.pnpm/zod@4.6.5/node_modules/zod/v4/core/util.js" contains an annotation that Rollup cannot interpret due to the position of the comment. The comment will be removed to avoid issues.
../../node_modules/.pnpm/zod@4.6.5/node_modules/zod/v4/core/regexes.js (74:0): A comment

"/** Anchors a pattern source. The interpolation lives here rather than at the call site because
 * esbuild will not drop a `@__PURE__` call whose own argument interpolates a variable, but it
 * will drop `anchor(dateSource)`. Keeping it inline pinned `date` into every bundle. */"

in "../../node_modules/.pnpm/zod@4.6.5/node_modules/zod/v4/core/regexes.js" contains an annotation that Rollup cannot interpret due to the position of the comment. The comment will be removed to avoid issues.
✓ 97 modules transformed.
rendering chunks...
out/preload/index.js  176.81 kB
✓ built in 496ms
vite v7.3.6 building client environment for production...
transforming...
✓ 28 modules transformed.
rendering chunks...
../../out/renderer/index.html                   0.60 kB
../../out/renderer/assets/index-Btb8L5UA.css    7.19 kB
../../out/renderer/assets/index-2EOakfTA.js   645.56 kB
✓ built in 686ms
$ node scripts/e2e.mjs "--" "--grep" "P00-01.*ABI"

Running 1 test using 1 worker

(node:28308) Warning: The 'NO_COLOR' env is ignored due to the 'FORCE_COLOR' env being set.
(Use `node --trace-warnings ...` to show where the warning was created)
TAPKIT_CORE_READY
TAPKIT_CORE_PONG
TAPKIT_CORE_PONG
P00-01 runtime probe {"nonce":"中文 空格 ABI","process":"core","sqliteVersion":"3.53.4","electronVersion":"44.3.0","nodeAbi":"149","corePid":31404}
TAPKIT_HOST_WINDOW 16000
(node:16000) Warning: The 'NO_COLOR' env is ignored due to the 'FORCE_COLOR' env being set.
(Use `electron --trace-warnings ...` to show where the warning was created)
Debugger ending on ws://127.0.0.1:50559/14a5ad32-ac59-4514-bc08-98ca7bd40fa1
For help, see: https://nodejs.org/learn/getting-started/debugging
TAPKIT_CORE_EXIT 0
  ok 1 tests\e2e\P00-01.shell.spec.ts:22:1 › P00-01 ABI: Electron React Core SQLite FTS5 and Chinese data directory (4.2s)

  1 passed (4.7s)
BOOTSTRAP_OK
$ node scripts/e2e.mjs "--" "--grep" "P00-01"

Running 2 tests using 1 worker

(node:39436) Warning: The 'NO_COLOR' env is ignored due to the 'FORCE_COLOR' env being set.
(Use `node --trace-warnings ...` to show where the warning was created)
TAPKIT_CORE_READY
TAPKIT_CORE_PONG
TAPKIT_CORE_PONG
TAPKIT_HOST_WINDOW 27076
(node:27076) Warning: The 'NO_COLOR' env is ignored due to the 'FORCE_COLOR' env being set.
(Use `electron --trace-warnings ...` to show where the warning was created)
P00-01 runtime probe {"nonce":"中文 空格 ABI","process":"core","sqliteVersion":"3.53.4","electronVersion":"44.3.0","nodeAbi":"149","corePid":36496}
Debugger ending on ws://127.0.0.1:64129/68a33875-a879-4b19-a871-10ff4af4d43a
For help, see: https://nodejs.org/learn/getting-started/debugging
TAPKIT_CORE_EXIT 0
  ok 1 tests\e2e\P00-01.shell.spec.ts:22:1 › P00-01 ABI: Electron React Core SQLite FTS5 and Chinese data directory (997ms)
TAPKIT_CORE_READY
TAPKIT_CORE_PONG
TAPKIT_HOST_WINDOW 3592
(node:3592) Warning: The 'NO_COLOR' env is ignored due to the 'FORCE_COLOR' env being set.
(Use `electron --trace-warnings ...` to show where the warning was created)
TAPKIT_CORE_PONG
Debugger ending on ws://127.0.0.1:60050/f5f39158-cbbc-4e5d-82a3-65ac2600d09b
For help, see: https://nodejs.org/learn/getting-started/debugging
TAPKIT_CORE_EXIT 0
  ok 2 tests\e2e\P00-01.shell.spec.ts:42:1 › P00-01 sandbox bridge errors and clean child shutdown (773ms)

  2 passed (2.3s)
P00-01 REPRO_OK D:\TapKit\.cache\repro\中文用户 工程-Ker44u
