$ node scripts/repro.mjs
node prepared 24.21.0
python prepared 3.13.15
git prepared 2.55.0.windows.5
rust prepared 1.98.1
file:///D:/TapKit/.cache/repro/%E4%B8%AD%E6%96%87%E7%94%A8%E6%88%B7%20%E5%B7%A5%E7%A8%8B-DOa9GC/scripts/lib.mjs:24
  if (result.status !== 0) throw new Error(executable + ' exited ' + result.status);
                                 ^

Error: msiexec.exe exited 4294967295
    at run (file:///D:/TapKit/.cache/repro/%E4%B8%AD%E6%96%87%E7%94%A8%E6%88%B7%20%E5%B7%A5%E7%A8%8B-DOa9GC/scripts/lib.mjs:24:34)
    at extract (file:///D:/TapKit/.cache/repro/%E4%B8%AD%E6%96%87%E7%94%A8%E6%88%B7%20%E5%B7%A5%E7%A8%8B-DOa9GC/scripts/runtime-fetch.mjs:38:5)
    at prepareRuntime (file:///D:/TapKit/.cache/repro/%E4%B8%AD%E6%96%87%E7%94%A8%E6%88%B7%20%E5%B7%A5%E7%A8%8B-DOa9GC/scripts/runtime-fetch.mjs:65:3)
    at async prepareRuntimes (file:///D:/TapKit/.cache/repro/%E4%B8%AD%E6%96%87%E7%94%A8%E6%88%B7%20%E5%B7%A5%E7%A8%8B-DOa9GC/scripts/runtime-fetch.mjs:109:64)
    at async file:///D:/TapKit/.cache/repro/%E4%B8%AD%E6%96%87%E7%94%A8%E6%88%B7%20%E5%B7%A5%E7%A8%8B-DOa9GC/scripts/bootstrap.mjs:4:1

Node.js v24.21.0
file:///D:/TapKit/scripts/lib.mjs:24
  if (result.status !== 0) throw new Error(executable + ' exited ' + result.status);
                                 ^

Error: D:\TapKit\.runtime\node\node-v24.21.0-win-x64\node.exe exited 1
    at run (file:///D:/TapKit/scripts/lib.mjs:24:34)
    at command (file:///D:/TapKit/scripts/repro.mjs:48:3)
    at file:///D:/TapKit/scripts/repro.mjs:51:1

Node.js v24.18.0
[ELIFECYCLE] Command failed with exit code 1.
